// Jest Snapshot v1, https://goo.gl/fbAQLP

exports[`CalendarMonthGrid componentWillMount() 1`] = `
Array [
  Array [
    2018-12-31T18:00:00.000Z,
    2019-01-01T18:00:00.000Z,
    2019-01-02T18:00:00.000Z,
    2019-01-03T18:00:00.000Z,
    2019-01-04T18:00:00.000Z,
    2019-01-05T18:00:00.000Z,
  ],
  Array [
    2019-01-06T18:00:00.000Z,
    2019-01-07T18:00:00.000Z,
    2019-01-08T18:00:00.000Z,
    2019-01-09T18:00:00.000Z,
    2019-01-10T18:00:00.000Z,
    2019-01-11T18:00:00.000Z,
    2019-01-12T18:00:00.000Z,
  ],
  Array [
    2019-01-13T18:00:00.000Z,
    2019-01-14T18:00:00.000Z,
    2019-01-15T18:00:00.000Z,
    2019-01-16T18:00:00.000Z,
    2019-01-17T18:00:00.000Z,
    2019-01-18T18:00:00.000Z,
    2019-01-19T18:00:00.000Z,
  ],
  Array [
    2019-01-20T18:00:00.000Z,
    2019-01-21T18:00:00.000Z,
    2019-01-22T18:00:00.000Z,
    2019-01-23T18:00:00.000Z,
    2019-01-24T18:00:00.000Z,
    2019-01-25T18:00:00.000Z,
    2019-01-26T18:00:00.000Z,
  ],
  Array [
    2019-01-27T18:00:00.000Z,
    2019-01-28T18:00:00.000Z,
    2019-01-29T18:00:00.000Z,
    2019-01-30T18:00:00.000Z,
  ],
]
`;

exports[`CalendarMonthGrid componentWillReceiveProps() 1`] = `
Array [
  Array [
    2017-10-31T18:00:00.000Z,
    2017-11-01T18:00:00.000Z,
    2017-11-02T18:00:00.000Z,
    2017-11-03T18:00:00.000Z,
    2017-11-04T18:00:00.000Z,
  ],
  Array [
    2017-11-05T18:00:00.000Z,
    2017-11-06T18:00:00.000Z,
    2017-11-07T18:00:00.000Z,
    2017-11-08T18:00:00.000Z,
    2017-11-09T18:00:00.000Z,
    2017-11-10T18:00:00.000Z,
    2017-11-11T18:00:00.000Z,
  ],
  Array [
    2017-11-12T18:00:00.000Z,
    2017-11-13T18:00:00.000Z,
    2017-11-14T18:00:00.000Z,
    2017-11-15T18:00:00.000Z,
    2017-11-16T18:00:00.000Z,
    2017-11-17T18:00:00.000Z,
    2017-11-18T18:00:00.000Z,
  ],
  Array [
    2017-11-19T18:00:00.000Z,
    2017-11-20T18:00:00.000Z,
    2017-11-21T18:00:00.000Z,
    2017-11-22T18:00:00.000Z,
    2017-11-23T18:00:00.000Z,
    2017-11-24T18:00:00.000Z,
    2017-11-25T18:00:00.000Z,
  ],
  Array [
    2017-11-26T18:00:00.000Z,
    2017-11-27T18:00:00.000Z,
    2017-11-28T18:00:00.000Z,
    2017-11-29T18:00:00.000Z,
  ],
]
`;

exports[`CalendarMonthGrid createMonth() 1`] = `
Array [
  Array [
    2009-09-30T18:00:00.000Z,
    2009-10-01T18:00:00.000Z,
    2009-10-02T18:00:00.000Z,
    2009-10-03T18:00:00.000Z,
  ],
  Array [
    2009-10-04T18:00:00.000Z,
    2009-10-05T18:00:00.000Z,
    2009-10-06T18:00:00.000Z,
    2009-10-07T18:00:00.000Z,
    2009-10-08T18:00:00.000Z,
    2009-10-09T18:00:00.000Z,
    2009-10-10T18:00:00.000Z,
  ],
  Array [
    2009-10-11T18:00:00.000Z,
    2009-10-12T18:00:00.000Z,
    2009-10-13T18:00:00.000Z,
    2009-10-14T18:00:00.000Z,
    2009-10-15T18:00:00.000Z,
    2009-10-16T18:00:00.000Z,
    2009-10-17T18:00:00.000Z,
  ],
  Array [
    2009-10-18T18:00:00.000Z,
    2009-10-19T18:00:00.000Z,
    2009-10-20T18:00:00.000Z,
    2009-10-21T18:00:00.000Z,
    2009-10-22T18:00:00.000Z,
    2009-10-23T18:00:00.000Z,
    2009-10-24T18:00:00.000Z,
  ],
  Array [
    2009-10-25T18:00:00.000Z,
    2009-10-26T18:00:00.000Z,
    2009-10-27T18:00:00.000Z,
    2009-10-28T18:00:00.000Z,
    2009-10-29T18:00:00.000Z,
    2009-10-30T18:00:00.000Z,
  ],
]
`;

exports[`CalendarMonthGrid getWeekDays() 1`] = `
Array [
  "Mo",
  "Tu",
  "We",
  "Th",
  "Fr",
  "Sa",
  "Su",
]
`;

exports[`CalendarMonthGrid render() basic 1`] = `
<div>
  <span
    onClick={[Function]}
  >
    January 2009
  </span>
  <table>
    <thead>
      <tr>
        <th
          key="0"
        >
          MO
        </th>
        <th
          key="1"
        >
          TU
        </th>
        <th
          key="2"
        >
          WE
        </th>
        <th
          key="3"
        >
          TH
        </th>
        <th
          key="4"
        >
          FR
        </th>
        <th
          key="5"
        >
          SA
        </th>
        <th
          key="6"
        >
          SU
        </th>
      </tr>
    </thead>
    <tbody>
      <tr
        key="0"
      >
        <CalendarDay
          date={2008-12-31T18:00:00.000Z}
          key="0"
          onClick={[Function]}
        />
        <CalendarDay
          date={2009-01-01T18:00:00.000Z}
          key="1"
          onClick={[Function]}
        />
        <CalendarDay
          date={2009-01-02T18:00:00.000Z}
          key="2"
          onClick={[Function]}
        />
        <CalendarDay
          date={2009-01-03T18:00:00.000Z}
          key="3"
          onClick={[Function]}
        />
      </tr>
      <tr
        key="1"
      >
        <CalendarDay
          date={2009-01-04T18:00:00.000Z}
          key="0"
          onClick={[Function]}
        />
        <CalendarDay
          date={2009-01-05T18:00:00.000Z}
          key="1"
          onClick={[Function]}
        />
        <CalendarDay
          date={2009-01-06T18:00:00.000Z}
          key="2"
          onClick={[Function]}
        />
        <CalendarDay
          date={2009-01-07T18:00:00.000Z}
          key="3"
          onClick={[Function]}
        />
        <CalendarDay
          date={2009-01-08T18:00:00.000Z}
          key="4"
          onClick={[Function]}
        />
        <CalendarDay
          date={2009-01-09T18:00:00.000Z}
          key="5"
          onClick={[Function]}
        />
        <CalendarDay
          date={2009-01-10T18:00:00.000Z}
          key="6"
          onClick={[Function]}
        />
      </tr>
      <tr
        key="2"
      >
        <CalendarDay
          date={2009-01-11T18:00:00.000Z}
          key="0"
          onClick={[Function]}
        />
        <CalendarDay
          date={2009-01-12T18:00:00.000Z}
          key="1"
          onClick={[Function]}
        />
        <CalendarDay
          date={2009-01-13T18:00:00.000Z}
          key="2"
          onClick={[Function]}
        />
        <CalendarDay
          date={2009-01-14T18:00:00.000Z}
          key="3"
          onClick={[Function]}
        />
        <CalendarDay
          date={2009-01-15T18:00:00.000Z}
          key="4"
          onClick={[Function]}
        />
        <CalendarDay
          date={2009-01-16T18:00:00.000Z}
          key="5"
          onClick={[Function]}
        />
        <CalendarDay
          date={2009-01-17T18:00:00.000Z}
          key="6"
          onClick={[Function]}
        />
      </tr>
      <tr
        key="3"
      >
        <CalendarDay
          date={2009-01-18T18:00:00.000Z}
          key="0"
          onClick={[Function]}
        />
        <CalendarDay
          date={2009-01-19T18:00:00.000Z}
          key="1"
          onClick={[Function]}
        />
        <CalendarDay
          date={2009-01-20T18:00:00.000Z}
          key="2"
          onClick={[Function]}
        />
        <CalendarDay
          date={2009-01-21T18:00:00.000Z}
          key="3"
          onClick={[Function]}
        />
        <CalendarDay
          date={2009-01-22T18:00:00.000Z}
          key="4"
          onClick={[Function]}
        />
        <CalendarDay
          date={2009-01-23T18:00:00.000Z}
          key="5"
          onClick={[Function]}
        />
        <CalendarDay
          date={2009-01-24T18:00:00.000Z}
          key="6"
          onClick={[Function]}
        />
      </tr>
      <tr
        key="4"
      >
        <CalendarDay
          date={2009-01-25T18:00:00.000Z}
          key="0"
          onClick={[Function]}
        />
        <CalendarDay
          date={2009-01-26T18:00:00.000Z}
          key="1"
          onClick={[Function]}
        />
        <CalendarDay
          date={2009-01-27T18:00:00.000Z}
          key="2"
          onClick={[Function]}
        />
        <CalendarDay
          date={2009-01-28T18:00:00.000Z}
          key="3"
          onClick={[Function]}
        />
        <CalendarDay
          date={2009-01-29T18:00:00.000Z}
          key="4"
          onClick={[Function]}
        />
        <CalendarDay
          date={2009-01-30T18:00:00.000Z}
          key="5"
          onClick={[Function]}
        />
      </tr>
    </tbody>
  </table>
</div>
`;

exports[`CalendarMonthGrid setDayStyle() 1`] = `
<div>
  <span
    onClick={[Function]}
  >
    July 1994
  </span>
  <table>
    <thead>
      <tr>
        <th
          key="0"
        >
          MO
        </th>
        <th
          key="1"
        >
          TU
        </th>
        <th
          key="2"
        >
          WE
        </th>
        <th
          key="3"
        >
          TH
        </th>
        <th
          key="4"
        >
          FR
        </th>
        <th
          key="5"
        >
          SA
        </th>
        <th
          key="6"
        >
          SU
        </th>
      </tr>
    </thead>
    <tbody>
      <tr
        key="0"
      >
        <CalendarDay
          date={1994-06-30T17:00:00.000Z}
          key="0"
          onClick={[Function]}
        />
        <CalendarDay
          date={1994-07-01T17:00:00.000Z}
          key="1"
          onClick={[Function]}
          style={
            Object {
              "backgroundColor": "#34495e",
              "color": "#fff",
            }
          }
        />
        <CalendarDay
          date={1994-07-02T17:00:00.000Z}
          key="2"
          onClick={[Function]}
          style={
            Object {
              "backgroundColor": "#8196ab",
              "color": "#fff",
            }
          }
        />
      </tr>
      <tr
        key="1"
      >
        <CalendarDay
          date={1994-07-03T17:00:00.000Z}
          key="0"
          onClick={[Function]}
          style={
            Object {
              "backgroundColor": "#8196ab",
              "color": "#fff",
            }
          }
        />
        <CalendarDay
          date={1994-07-04T17:00:00.000Z}
          key="1"
          onClick={[Function]}
          style={
            Object {
              "backgroundColor": "#8196ab",
              "color": "#fff",
            }
          }
        />
        <CalendarDay
          date={1994-07-05T17:00:00.000Z}
          key="2"
          onClick={[Function]}
          style={
            Object {
              "backgroundColor": "#34495e",
              "color": "#fff",
            }
          }
        />
        <CalendarDay
          date={1994-07-06T17:00:00.000Z}
          key="3"
          onClick={[Function]}
        />
        <CalendarDay
          date={1994-07-07T17:00:00.000Z}
          key="4"
          onClick={[Function]}
        />
        <CalendarDay
          date={1994-07-08T17:00:00.000Z}
          key="5"
          onClick={[Function]}
        />
        <CalendarDay
          date={1994-07-09T17:00:00.000Z}
          key="6"
          onClick={[Function]}
        />
      </tr>
      <tr
        key="2"
      >
        <CalendarDay
          date={1994-07-10T17:00:00.000Z}
          key="0"
          onClick={[Function]}
        />
        <CalendarDay
          date={1994-07-11T17:00:00.000Z}
          key="1"
          onClick={[Function]}
        />
        <CalendarDay
          date={1994-07-12T17:00:00.000Z}
          key="2"
          onClick={[Function]}
        />
        <CalendarDay
          date={1994-07-13T17:00:00.000Z}
          key="3"
          onClick={[Function]}
        />
        <CalendarDay
          date={1994-07-14T17:00:00.000Z}
          key="4"
          onClick={[Function]}
        />
        <CalendarDay
          date={1994-07-15T17:00:00.000Z}
          key="5"
          onClick={[Function]}
        />
        <CalendarDay
          date={1994-07-16T17:00:00.000Z}
          key="6"
          onClick={[Function]}
        />
      </tr>
      <tr
        key="3"
      >
        <CalendarDay
          date={1994-07-17T17:00:00.000Z}
          key="0"
          onClick={[Function]}
        />
        <CalendarDay
          date={1994-07-18T17:00:00.000Z}
          key="1"
          onClick={[Function]}
        />
        <CalendarDay
          date={1994-07-19T17:00:00.000Z}
          key="2"
          onClick={[Function]}
        />
        <CalendarDay
          date={1994-07-20T17:00:00.000Z}
          key="3"
          onClick={[Function]}
        />
        <CalendarDay
          date={1994-07-21T17:00:00.000Z}
          key="4"
          onClick={[Function]}
        />
        <CalendarDay
          date={1994-07-22T17:00:00.000Z}
          key="5"
          onClick={[Function]}
        />
        <CalendarDay
          date={1994-07-23T17:00:00.000Z}
          key="6"
          onClick={[Function]}
        />
      </tr>
      <tr
        key="4"
      >
        <CalendarDay
          date={1994-07-24T17:00:00.000Z}
          key="0"
          onClick={[Function]}
        />
        <CalendarDay
          date={1994-07-25T17:00:00.000Z}
          key="1"
          onClick={[Function]}
        />
        <CalendarDay
          date={1994-07-26T17:00:00.000Z}
          key="2"
          onClick={[Function]}
        />
        <CalendarDay
          date={1994-07-27T17:00:00.000Z}
          key="3"
          onClick={[Function]}
        />
        <CalendarDay
          date={1994-07-28T17:00:00.000Z}
          key="4"
          onClick={[Function]}
        />
        <CalendarDay
          date={1994-07-29T17:00:00.000Z}
          key="5"
          onClick={[Function]}
        />
        <CalendarDay
          date={1994-07-30T17:00:00.000Z}
          key="6"
          onClick={[Function]}
        />
      </tr>
    </tbody>
  </table>
</div>
`;
