// Jest Snapshot v1, https://goo.gl/fbAQLP

exports[`DateMaskInput render() 1`] = `
<Input
  centerAlignedText={true}
  onChange={[Function]}
  small={true}
  value="09/02/2018"
/>
`;
